<html>
<body>
<pre>
<h1>µVision Build Log</h1>
<h2>Tool Versions:</h2>
IDE-Version: ¦ÌVision V5.35.0.0
Copyright (C) 2021 ARM Ltd and ARM Germany GmbH. All rights reserved.
License Information: 111111 18895391769@163.com, 111111, LIC=32B1Q-NRAYW-MMX9I-TB0JQ-J6CJA-JVQD3
 
Tool Versions:
Toolchain:       MDK-ARM Plus  Version: 5.35.0.2
Toolchain Path:  D:\KEIL\ARM\ARMCC\Bin
C Compiler:      Armcc.exe V5.06 update 7 (build 960)
Assembler:       Armasm.exe V5.06 update 7 (build 960)
Linker/Locator:  ArmLink.exe V5.06 update 7 (build 960)
Library Manager: ArmAr.exe V5.06 update 7 (build 960)
Hex Converter:   FromElf.exe V5.06 update 7 (build 960)
CPU DLL:         SARMCM3.DLL V5.35.0.2
Dialog DLL:      DCM.DLL V1.17.3.0
Target DLL:      Segger\JL2CM3.dll V2.99.40.0
Dialog DLL:      TCM.DLL V1.53.0.0
 
<h2>Project:</h2>
E:\stm32\STM32_LVGL\STM32F407\Projects\MDK-ARM\atk_f407.uvprojx
Project File Date:  03/09/2025

<h2>Output:</h2>
*** Using Compiler 'V5.06 update 7 (build 960)', folder: 'D:\KEIL\ARM\ARMCC\Bin'
Build target 'STM32F407_APP'
compiling rtc.c...
linking...
Program Size: Code=236534 RO-data=92726 RW-data=1196 ZI-data=181732  
FromELF: creating hex file...
After Build - User command #1: E:\stm32\STM32_LVGL\STM32F407\Projects\keil5_disp_size_bar.exe
ram:
  RW_IRAM1 :0x20000000
  192.00 KB :|¡ö¡ö¡ö¡ö¡ö¡ö¡ö¡ö¡ö¡ö¡ö¡ö¡ö_______|   65.37 % (  125.52 KB /   192.00 KB) [68079 B]
  ER$$.ARM.__AT_0x68000000 :0x68000000
   53.13 KB :|¡ö¡ö¡ö¡ö¡ö¡ö¡ö¡ö¡ö¡ö¡ö¡ö¡ö¡ö¡ö¡ö¡ö¡ö¡ö¡ö|  100.00 % (   53.13 KB /    53.13 KB) [0 B]
flash:
  ER_IROM1 :0x8000000
    1.00 MB :|¡ö¡ö¡ö¡ö¡ö¡ö______________|   31.40 % (    0.31 MB /     1.00 MB) [719316 B]
".\Output\STM32F407.axf" - 0 Error(s), 0 Warning(s).

<h2>Software Packages used:</h2>

Package Vendor: Keil
                https://www.keil.com/pack/Keil.STM32F4xx_DFP.3.0.0.pack
                Keil.STM32F4xx_DFP.3.0.0
                STMicroelectronics STM32F4 Series Device Support

<h2>Collection of Component include folders:</h2>

<h2>Collection of Component Files used:</h2>
Build Time Elapsed:  00:00:03
</pre>
</body>
</html>
