<html>
<body>
<pre>
<h1>µVision Build Log</h1>
<h2>Tool Versions:</h2>
IDE-Version: ¦ÌVision V5.35.0.0
Copyright (C) 2021 ARM Ltd and ARM Germany GmbH. All rights reserved.
License Information: 111111 18895391769@163.com, 111111, LIC=32B1Q-NRAYW-MMX9I-TB0JQ-J6CJA-JVQD3
 
Tool Versions:
Toolchain:       MDK-ARM Plus  Version: 5.35.0.2
Toolchain Path:  D:\KEIL\ARM\ARMCC\Bin
C Compiler:      Armcc.exe V5.06 update 7 (build 960)
Assembler:       Armasm.exe V5.06 update 7 (build 960)
Linker/Locator:  ArmLink.exe V5.06 update 7 (build 960)
Library Manager: ArmAr.exe V5.06 update 7 (build 960)
Hex Converter:   FromElf.exe V5.06 update 7 (build 960)
CPU DLL:         SARMCM3.DLL V5.35.0.2
Dialog DLL:      DCM.DLL V1.17.3.0
Target DLL:      Segger\JL2CM3.dll V2.99.40.0
Dialog DLL:      TCM.DLL V1.53.0.0
 
<h2>Project:</h2>
E:\stm32\STM32_LVGL\STM32_LVGL\Projects\MDK-ARM\atk_f407.uvprojx
Project File Date:  03/14/2025

<h2>Output:</h2>
*** Using Compiler 'V5.06 update 7 (build 960)', folder: 'D:\KEIL\ARM\ARMCC\Bin'
Build target 'STM32F407_APP'
assembling startup_stm32f407xx.s...
compiling led.c...
compiling key.c...
compiling sram.c...
compiling system_stm32f4xx.c...
compiling stm32f4xx_it.c...
compiling lcd.c...
compiling touch.c...
compiling spi.c...
compiling sdio_sdcard.c...
compiling norflash.c...
compiling rtc.c...
compiling btim.c...
compiling delay.c...
compiling sys.c...
compiling usart.c...
compiling stm32f4xx_hal.c...
compiling main.c...
compiling stm32f4xx_hal_cortex.c...
compiling stm32f4xx_hal_gpio.c...
compiling stm32f4xx_hal_rcc.c...
compiling stm32f4xx_hal_rcc_ex.c...
compiling stm32f4xx_hal_pwr.c...
compiling stm32f4xx_hal_pwr_ex.c...
compiling stm32f4xx_hal_usart.c...
compiling stm32f4xx_hal_uart.c...
compiling stm32f4xx_hal_dma_ex.c...
compiling stm32f4xx_hal_sram.c...
compiling stm32f4xx_ll_fsmc.c...
compiling stm32f4xx_hal_dma.c...
compiling stm32f4xx_hal_tim_ex.c...
compiling stm32f4xx_hal_tim.c...
compiling stm32f4xx_hal_flash_ex.c...
compiling stm32f4xx_hal_flash.c...
compiling stm32f4xx_ll_sdmmc.c...
compiling stm32f4xx_hal_pcd.c...
compiling stm32f4xx_hal_sd.c...
compiling stm32f4xx_hal_spi.c...
compiling stm32f4xx_hal_pcd_ex.c...
compiling stm32f4xx_hal_rtc.c...
compiling stm32f4xx_ll_usb.c...
compiling malloc.c...
compiling stm32f4xx_hal_rtc_ex.c...
compiling port.c...
compiling heap_4.c...
compiling croutine.c...
compiling list.c...
compiling event_groups.c...
compiling queue.c...
compiling stream_buffer.c...
compiling timers.c...
compiling led_app.c...
compiling tasks.c...
compiling RTC_Read_app.c...
compiling lv_disp.c...
compiling lvgl_app.c...
compiling key_app.c...
compiling lv_event.c...
compiling lv_group.c...
compiling lv_port_disp_template.c...
compiling lv_port_indev_template.c...
compiling lv_obj_class.c...
compiling lv_indev.c...
compiling lv_indev_scroll.c...
compiling lv_obj.c...
compiling lv_obj_draw.c...
compiling lv_obj_style_gen.c...
compiling lv_obj_tree.c...
compiling lv_obj_style.c...
compiling lv_obj_pos.c...
compiling lv_obj_scroll.c...
compiling lv_theme.c...
compiling lv_refr.c...
compiling lv_draw_sw.c...
compiling lv_draw_sw_dither.c...
compiling lv_draw_sw_arc.c...
compiling lv_draw_sw_gradient.c...
compiling lv_draw_sw_blend.c...
compiling lv_draw_sw_img.c...
compiling lv_draw_sw_letter.c...
compiling lv_draw_sw_polygon.c...
compiling lv_draw_sw_line.c...
compiling lv_draw.c...
compiling lv_draw_arc.c...
compiling lv_draw_img.c...
compiling lv_draw_line.c...
compiling lv_draw_label.c...
compiling lv_draw_rect.c...
compiling lv_draw_triangle.c...
compiling lv_draw_sw_rect.c...
compiling lv_img_cache.c...
compiling lv_draw_mask.c...
compiling lv_img_buf.c...
compiling lv_img_decoder.c...
compiling lv_bmp.c...
compiling lv_flex.c...
compiling lv_ffmpeg.c...
compiling lv_grid.c...
compiling lv_freetype.c...
compiling gifdec.c...
compiling lv_fs_posix.c...
compiling lv_fs_stdio.c...
compiling lv_fs_win32.c...
compiling lv_gif.c...
compiling lodepng.c...
compiling lv_png.c...
compiling lv_qrcode.c...
compiling lv_rlottie.c...
compiling lv_sjpg.c...
compiling tjpgd.c...
compiling qrcodegen.c...
compiling lv_gridnav.c...
compiling lv_snapshot.c...
compiling lv_monkey.c...
compiling lv_theme_mono.c...
compiling lv_theme_basic.c...
compiling lv_animimg.c...
compiling lv_calendar_header_arrow.c...
compiling lv_calendar_header_dropdown.c...
compiling lv_calendar.c...
compiling lv_theme_default.c...
compiling lv_keyboard.c...
compiling lv_list.c...
compiling lv_imgbtn.c...
compiling lv_led.c...
compiling lv_colorwheel.c...
compiling lv_menu.c...
compiling lv_msgbox.c...
compiling lv_chart.c...
compiling lv_spinbox.c...
compiling lv_meter.c...
compiling lv_spinner.c...
compiling lv_tabview.c...
compiling lv_span.c...
compiling lv_font.c...
compiling lv_tileview.c...
compiling lv_win.c...
compiling lv_extra.c...
compiling lv_font_dejavu_16_persian_hebrew.c...
compiling lv_font_fmt_txt.c...
compiling lv_font_montserrat_8.c...
compiling lv_font_loader.c...
compiling lv_font_montserrat_12.c...
compiling lv_font_montserrat_16.c...
compiling lv_font_montserrat_24.c...
compiling lv_font_montserrat_20.c...
compiling lv_font_montserrat_28.c...
compiling lv_font_montserrat_36.c...
compiling lv_font_montserrat_30.c...
compiling lv_font_montserrat_38.c...
compiling lv_font_montserrat_40.c...
compiling lv_font_unscii_8.c...
compiling lv_font_unscii_16.c...
compiling lv_font_simsun_16_cjk.c...
compiling lv_hal_indev.c...
compiling lv_hal_disp.c...
compiling lv_async.c...
compiling lv_anim_timeline.c...
compiling lv_anim.c...
compiling lv_area.c...
compiling lv_bidi.c...
compiling lv_color.c...
compiling lv_gc.c...
compiling lv_log.c...
compiling lv_ll.c...
compiling lv_fs.c...
compiling lv_hal_tick.c...
compiling lv_lru.c...
compiling lv_math.c...
compiling lv_mem.c...
compiling lv_templ.c...
compiling lv_style.c...
compiling lv_printf.c...
compiling lv_style_gen.c...
compiling lv_timer.c...
compiling lv_utils.c...
compiling lv_txt_ap.c...
compiling lv_tlsf.c...
compiling lv_txt.c...
compiling lv_btn.c...
compiling lv_arc.c...
compiling lv_bar.c...
compiling lv_checkbox.c...
compiling lv_canvas.c...
compiling lv_btnmatrix.c...
compiling lv_img.c...
compiling lv_dropdown.c...
compiling lv_line.c...
compiling lv_objx_templ.c...
compiling lv_label.c...
compiling lv_switch.c...
compiling lv_roller.c...
compiling lv_slider.c...
compiling lv_fs_fatfs.c...
compiling lv_table.c...
compiling lv_textarea.c...
compiling img_gear.c...
compiling diskio.c...
compiling fattester.c...
compiling lv_mainstart.c...
..\..\Middlewares\LVGL\GUI_APP\lv_mainstart.c(92): warning:  #167-D: argument of type "void (*)(lv_event_t *)" is incompatible with parameter of type "lv_timer_cb_t"
      timer= lv_timer_create(timer_task, 1000, 0);
..\..\Middlewares\LVGL\GUI_APP\lv_mainstart.c: 1 warning, 0 errors
compiling exfuns.c...
compiling ffsystem.c...
compiling ffunicode.c...
compiling ff.c...
compiling usbd_cdc_interface.c...
compiling usbd_conf.c...
compiling usbd_desc.c...
compiling usbd_core.c...
compiling usbd_ctlreq.c...
compiling usbd_ioreq.c...
compiling usbd_cdc.c...
linking...
Program Size: Code=236842 RO-data=92726 RW-data=1208 ZI-data=181720  
FromELF: creating hex file...
After Build - User command #1: E:\stm32\STM32_LVGL\STM32F407\Projects\Keil5_disp_size_bar_v0.3.exe
*** Error: CreateProcess failed, Command: 'E:\stm32\STM32_LVGL\STM32F407\Projects\Keil5_disp_size_bar_v0.3.exe'
".\Output\STM32F407.axf" - 1 Error(s), 1 Warning(s).

<h2>Software Packages used:</h2>

Package Vendor: Keil
                https://www.keil.com/pack/Keil.STM32F4xx_DFP.3.0.0.pack
                Keil.STM32F4xx_DFP.3.0.0
                STMicroelectronics STM32F4 Series Device Support

<h2>Collection of Component include folders:</h2>

<h2>Collection of Component Files used:</h2>
Target not created.
Build Time Elapsed:  00:00:13
</pre>
</body>
</html>
